// Jest Snapshot v1, https://goo.gl/fbAQLP

exports[`Match the snapshot 1`] = `"<div class=\\"sc-AykKC exfSga\\"><span data-test=\\"count\\">12</span><button data-test=\\"add-count\\">ADD</button></div><div class=\\"sc-AykKC exfSga\\"><span data-test=\\"count\\">34</span><button data-test=\\"add-count\\">ADD</button></div>"`;
