// Jest Snapshot v1, https://goo.gl/fbAQLP

exports[`Match the snapshot 1`] = `"<div class=\\"sc-AxjAm ewLA-Dd\\"><span data-test=\\"count\\">123</span><button data-test=\\"add-count\\">ADD</button></div>"`;
