// Jest Snapshot v1, https://goo.gl/fbAQLP

exports[`Match the snapshot 1`] = `
<DocumentFragment>
  <div
    class="sc-AxjAm kEdiiQ"
  >
    Header
  </div>
</DocumentFragment>
`;
